// Jest Snapshot v1, https://goo.gl/fbAQLP

exports[`CabCard renders correctly 1`] = `
<div>
  <div
    className="MuiGrid-root MuiGrid-container MuiGrid-direction-xs-column css-yg2epo-MuiGrid-root"
  >
    <div
      className="MuiGrid-root MuiGrid-item css-1mezf00-MuiGrid-root"
    >
      <p
        className="MuiTypography-root MuiTypography-body2 css-e784if-MuiTypography-root"
      >
        catch a blue line metro towards Raidurg.
      </p>
    </div>
    <div
      className="MuiGrid-root MuiGrid-item css-13i4rnv-MuiGrid-root"
    >
      <div
        className="MuiGrid-root MuiGrid-container css-1y7hg28-MuiGrid-root"
      >
        <div
          className="MuiGrid-root MuiGrid-item css-13i4rnv-MuiGrid-root"
        >
          <span
            className="MuiTypography-root MuiTypography-caption css-1sn4lm3-MuiTypography-root"
          >
            ₹ 100
          </span>
        </div>
        <div
          className="MuiGrid-root MuiGrid-item css-1t46eol-MuiGrid-root"
        >
          <img
            alt="Icon"
            data-testid="icon"
            src="eclipse.svg"
          />
        </div>
        <div
          className="MuiGrid-root MuiGrid-item css-13i4rnv-MuiGrid-root"
        >
          <span
            className="MuiTypography-root MuiTypography-caption css-1sn4lm3-MuiTypography-root"
          >
            25 Kms
          </span>
        </div>
        <div
          className="MuiGrid-root MuiGrid-item css-1t46eol-MuiGrid-root"
        >
          <img
            alt="Icon"
            data-testid="icon"
            src="eclipse.svg"
          />
        </div>
        <div
          className="MuiGrid-root MuiGrid-item css-13i4rnv-MuiGrid-root"
        >
          <span
            className="MuiTypography-root MuiTypography-caption css-1sn4lm3-MuiTypography-root"
          >
            1 hr 20 min
          </span>
        </div>
      </div>
    </div>
    <div
      className="MuiGrid-root MuiGrid-item css-gw4rzq-MuiGrid-root"
      data-testid="CabData1001"
    >
      <div
        className="MuiPaper-root MuiPaper-elevation MuiPaper-rounded MuiPaper-elevation1 makeStyles-paper-1 css-1ps6pg7-MuiPaper-root"
      >
        <div
          className="MuiGrid-root MuiGrid-container MuiGrid-spacing-xs-1 css-15hauir-MuiGrid-root"
          data-testid="main-grid"
        >
          <div
            className="MuiGrid-root MuiGrid-item MuiGrid-grid-xs-1.5 makeStyles-grid-2 css-1duidt6-MuiGrid-root"
            data-testid="logo-grid"
          >
            <img
              alt="Logo"
              data-testid="logo"
              src="ola.png"
            />
          </div>
          <div
            className="MuiGrid-root MuiGrid-item MuiGrid-grid-xs-7 MuiGrid-grid-sm-true css-unluoz-MuiGrid-root"
          >
            <div
              className="MuiGrid-root MuiGrid-container MuiGrid-spacing-xs-3 MuiGrid-direction-xs-column css-1oolkk7-MuiGrid-root"
            >
              <div
                className="MuiGrid-root MuiGrid-container MuiGrid-item MuiGrid-grid-xs-6 css-137v0wv-MuiGrid-root"
              >
                <span
                  className="MuiTypography-root MuiTypography-captionBold css-37jdci-MuiTypography-root"
                >
                  Ola
                </span>
              </div>
              <div
                className="MuiGrid-root MuiGrid-container MuiGrid-item MuiGrid-grid-xs-6 css-137v0wv-MuiGrid-root"
              >
                <span
                  className="MuiTypography-root MuiTypography-caption css-1sn4lm3-MuiTypography-root"
                >
                  Approximately  
                   ₹
                  45
                </span>
              </div>
            </div>
          </div>
          <div
            className="MuiGrid-root MuiGrid-item MuiGrid-grid-xs-3 css-1equabv-MuiGrid-root"
            data-testid="book-now"
          >
            <span
              className="MuiTypography-root MuiTypography-captionBold makeStyles-colorText-3 css-37jdci-MuiTypography-root"
            >
              Book Now
            </span>
          </div>
        </div>
      </div>
    </div>
    <div
      className="MuiGrid-root MuiGrid-item css-gw4rzq-MuiGrid-root"
      data-testid="CabData1002"
    >
      <div
        className="MuiPaper-root MuiPaper-elevation MuiPaper-rounded MuiPaper-elevation1 makeStyles-paper-1 css-1ps6pg7-MuiPaper-root"
      >
        <div
          className="MuiGrid-root MuiGrid-container MuiGrid-spacing-xs-1 css-15hauir-MuiGrid-root"
          data-testid="main-grid"
        >
          <div
            className="MuiGrid-root MuiGrid-item MuiGrid-grid-xs-1.5 makeStyles-grid-2 css-1duidt6-MuiGrid-root"
            data-testid="logo-grid"
          >
            <img
              alt="Logo"
              data-testid="logo"
              src="rapido.png"
            />
          </div>
          <div
            className="MuiGrid-root MuiGrid-item MuiGrid-grid-xs-7 MuiGrid-grid-sm-true css-unluoz-MuiGrid-root"
          >
            <div
              className="MuiGrid-root MuiGrid-container MuiGrid-spacing-xs-3 MuiGrid-direction-xs-column css-1oolkk7-MuiGrid-root"
            >
              <div
                className="MuiGrid-root MuiGrid-container MuiGrid-item MuiGrid-grid-xs-6 css-137v0wv-MuiGrid-root"
              >
                <span
                  className="MuiTypography-root MuiTypography-captionBold css-37jdci-MuiTypography-root"
                >
                  Ola
                </span>
              </div>
              <div
                className="MuiGrid-root MuiGrid-container MuiGrid-item MuiGrid-grid-xs-6 css-137v0wv-MuiGrid-root"
              >
                <span
                  className="MuiTypography-root MuiTypography-caption css-1sn4lm3-MuiTypography-root"
                >
                  Approximately  
                   ₹
                  45
                </span>
              </div>
            </div>
          </div>
          <div
            className="MuiGrid-root MuiGrid-item MuiGrid-grid-xs-3 css-1equabv-MuiGrid-root"
            data-testid="book-now"
          >
            <span
              className="MuiTypography-root MuiTypography-captionBold makeStyles-colorText-3 css-37jdci-MuiTypography-root"
            >
              Book Now
            </span>
          </div>
        </div>
      </div>
    </div>
    <div
      className="MuiGrid-root MuiGrid-item css-gw4rzq-MuiGrid-root"
      data-testid="CabData1003"
    >
      <div
        className="MuiPaper-root MuiPaper-elevation MuiPaper-rounded MuiPaper-elevation1 makeStyles-paper-1 css-1ps6pg7-MuiPaper-root"
      >
        <div
          className="MuiGrid-root MuiGrid-container MuiGrid-spacing-xs-1 css-15hauir-MuiGrid-root"
          data-testid="main-grid"
        >
          <div
            className="MuiGrid-root MuiGrid-item MuiGrid-grid-xs-1.5 makeStyles-grid-2 css-1duidt6-MuiGrid-root"
            data-testid="logo-grid"
          >
            <img
              alt="Logo"
              data-testid="logo"
              src="uber.png"
            />
          </div>
          <div
            className="MuiGrid-root MuiGrid-item MuiGrid-grid-xs-7 MuiGrid-grid-sm-true css-unluoz-MuiGrid-root"
          >
            <div
              className="MuiGrid-root MuiGrid-container MuiGrid-spacing-xs-3 MuiGrid-direction-xs-column css-1oolkk7-MuiGrid-root"
            >
              <div
                className="MuiGrid-root MuiGrid-container MuiGrid-item MuiGrid-grid-xs-6 css-137v0wv-MuiGrid-root"
              >
                <span
                  className="MuiTypography-root MuiTypography-captionBold css-37jdci-MuiTypography-root"
                >
                  Ola
                </span>
              </div>
              <div
                className="MuiGrid-root MuiGrid-container MuiGrid-item MuiGrid-grid-xs-6 css-137v0wv-MuiGrid-root"
              >
                <span
                  className="MuiTypography-root MuiTypography-caption css-1sn4lm3-MuiTypography-root"
                >
                  Approximately  
                   ₹
                  45
                </span>
              </div>
            </div>
          </div>
          <div
            className="MuiGrid-root MuiGrid-item MuiGrid-grid-xs-3 css-1equabv-MuiGrid-root"
            data-testid="book-now"
          >
            <span
              className="MuiTypography-root MuiTypography-captionBold makeStyles-colorText-3 css-37jdci-MuiTypography-root"
            >
              Book Now
            </span>
          </div>
        </div>
      </div>
    </div>
  </div>
</div>
`;
