// Jest Snapshot v1, https://goo.gl/fbAQLP

exports[`Atoms renders snapshot of radio button 1`] = `
<label
  className="MuiFormControlLabel-root MuiFormControlLabel-labelPlacementEnd css-spe08f-MuiFormControlLabel-root"
>
  <span
    className="MuiRadio-root MuiRadio-colorPrimary MuiButtonBase-root MuiRadio-root MuiRadio-colorPrimary PrivateSwitchBase-root css-wgff7p-MuiButtonBase-root-MuiRadio-root"
    onBlur={[Function]}
    onContextMenu={[Function]}
    onDragLeave={[Function]}
    onFocus={[Function]}
    onKeyDown={[Function]}
    onKeyUp={[Function]}
    onMouseDown={[Function]}
    onMouseLeave={[Function]}
    onMouseUp={[Function]}
    onTouchEnd={[Function]}
    onTouchMove={[Function]}
    onTouchStart={[Function]}
    tabIndex={null}
  >
    <input
      className="PrivateSwitchBase-input css-1m9pwf3"
      onChange={[Function]}
      type="radio"
      value="Yes"
    />
    <span
      className="css-16raxqw"
      fontSize="medium"
    />
  </span>
  <span
    className="MuiTypography-root MuiTypography-body1 MuiFormControlLabel-label css-ahj2mt-MuiTypography-root"
  >
    Yes
  </span>
</label>
`;
